// Jest Snapshot v1, https://goo.gl/fbAQLP

exports[`toLength toLength should throw for uncoercible 1`] = `"No default value"`;
